Parsing test configuration...
Parsing inline network scenarios template
Parsing network scenarios in: /Users/matthew/Desktop/A-Tesi/results/Central_Web_Server_IPv4_Three_Routers/with_skill/checker-run/labs

  0%|          | 0/1 [00:00<?, ?it/s]##################### candidate #####################
Parsing network scenario in: /Users/matthew/Desktop/A-Tesi/results/Central_Web_Server_IPv4_Three_Routers/with_skill/checker-run/labs/candidate
Network scenario name: candidate
Undeploying network scenario in case it was running...
Deploying network scenario...
Waiting convergence...
Starting tests
Verifying lab structure using inline lab.conf template
Checking devices existence...
Check existence of `pc1`: [92m OK[00m
Check existence of `pc2`: [92m OK[00m
Check existence of `r1`: [92m OK[00m
Check existence of `r2`: [92m OK[00m
Check existence of `r3`: [92m OK[00m
Check existence of `web`: [92m OK[00m
Checking collision domains...
Checking the collision domain attached to interface `eth0` of `pc1`: [92m OK[00m
Checking the collision domain attached to interface `eth0` of `pc2`: [92m OK[00m
Checking the collision domain attached to interface `eth0` of `r1`: [92m OK[00m
Checking the collision domain attached to interface `eth1` of `r1`: [92m OK[00m
Checking the collision domain attached to interface `eth0` of `r2`: [92m OK[00m
Checking the collision domain attached to interface `eth1` of `r2`: [92m OK[00m
Checking the collision domain attached to interface `eth0` of `r3`: [92m OK[00m
Checking the collision domain attached to interface `eth1` of `r3`: [92m OK[00m
Checking the collision domain attached to interface `eth0` of `web`: [92m OK[00m
Checking that all required startup files exist...
Check existence of `pc1.startup` file: [92m OK[00m
Check existence of `pc2.startup` file: [92m OK[00m
Check existence of `r1.startup` file: [92m OK[00m
Check existence of `r2.startup` file: [92m OK[00m
Check existence of `r3.startup` file: [92m OK[00m
Check existence of `web.startup` file: [92m OK[00m
Verifying the IP addresses assigned to devices...
Checking IPs for `pc1`...
Verifying the IP address (192.168.10.10/24) assigned to eth0 of pc1: [92m OK[00m
Checking IPs for `pc2`...
Verifying the IP address (192.168.10.11/24) assigned to eth0 of pc2: [92m OK[00m
Checking IPs for `r1`...
Verifying the IP address (192.168.10.1/24) assigned to eth0 of r1: [92m OK[00m
Verifying the IP address (10.0.12.1/30) assigned to eth1 of r1: [92m OK[00m
Checking IPs for `r2`...
Verifying the IP address (10.0.12.2/30) assigned to eth0 of r2: [92m OK[00m
Verifying the IP address (10.0.23.1/30) assigned to eth1 of r2: [92m OK[00m
Checking IPs for `r3`...
Verifying the IP address (10.0.23.2/30) assigned to eth0 of r3: [92m OK[00m
Verifying the IP address (192.168.30.1/24) assigned to eth1 of r3: [92m OK[00m
Checking IPs for `web`...
Verifying the IP address (192.168.30.10/24) assigned to eth0 of web: [92m OK[00m
Starting reachability test...
Verifying `192.168.30.10` reachable from device `pc1`: [92m OK[00m
Verifying `192.168.30.10` reachable from device `pc2`: [92m OK[00m
Checking running daemons...
Checking running daemons on `pc1`...
Checking that ripd is not running on device `pc1`: [92m OK[00m
Checking that ospfd is not running on device `pc1`: [92m OK[00m
Checking that bgpd is not running on device `pc1`: [92m OK[00m
Checking running daemons on `pc2`...
Checking that ripd is not running on device `pc2`: [92m OK[00m
Checking that ospfd is not running on device `pc2`: [92m OK[00m
Checking that bgpd is not running on device `pc2`: [92m OK[00m
Checking running daemons on `r1`...
Checking that ripd is not running on device `r1`: [92m OK[00m
Checking that ospfd is not running on device `r1`: [92m OK[00m
Checking that bgpd is not running on device `r1`: [92m OK[00m
Checking running daemons on `r2`...
Checking that ripd is not running on device `r2`: [92m OK[00m
Checking that ospfd is not running on device `r2`: [92m OK[00m
Checking that bgpd is not running on device `r2`: [92m OK[00m
Checking running daemons on `r3`...
Checking that ripd is not running on device `r3`: [92m OK[00m
Checking that ospfd is not running on device `r3`: [92m OK[00m
Checking that bgpd is not running on device `r3`: [92m OK[00m
Checking running daemons on `web`...
Checking that ripd is not running on device `web`: [92m OK[00m
Checking that ospfd is not running on device `web`: [92m OK[00m
Checking that bgpd is not running on device `web`: [92m OK[00m
Checking Routing Tables...
Checking kernel routes for `pc1`...
Checking the routing table of pc1: [92m OK[00m
Checking kernel routes for `pc2`...
Checking the routing table of pc2: [92m OK[00m
Checking kernel routes for `r1`...
Checking the routing table of r1: [92m OK[00m
Checking kernel routes for `r2`...
Checking the routing table of r2: [92m OK[00m
Checking kernel routes for `r3`...
Checking the routing table of r3: [92m OK[00m
Checking kernel routes for `web`...
Checking the routing table of web: [92m OK[00m
Checking HTTP endpoints via cURL...
Performing HTTP checks on pc1...
HTTP check 'http://192.168.30.10/' on pc1 status: [92m HTTP 200 == 200[00m
Performing HTTP checks on pc2...
HTTP check 'http://192.168.30.10/' on pc2 status: [92m HTTP 200 == 200[00m
Undeploying Network Scenario
Total Tests: 58
Passed Tests: 58/58
Writing test report for candidate in: /Users/matthew/Desktop/A-Tesi/results/Central_Web_Server_IPv4_Three_Routers/with_skill/checker-run/labs/candidate as CSV report...

100%|██████████| 1/1 [00:17<00:00, 17.17s/it]
100%|██████████| 1/1 [00:17<00:00, 17.17s/it]
Writing All Test Results into: /Users/matthew/Desktop/A-Tesi/results/Central_Web_Server_IPv4_Three_Routers/with_skill/checker-run/labs as CSV report...
