Parsing test configuration...
Parsing inline network scenarios template
Parsing network scenarios in: /Users/matthew/Desktop/A-Tesi/results/Dual-Stack_Partial_Mesh_Three_Routers_DNS/with_skill/checker-run/labs

  0%|          | 0/1 [00:00<?, ?it/s]##################### candidate #####################
Parsing network scenario in: /Users/matthew/Desktop/A-Tesi/results/Dual-Stack_Partial_Mesh_Three_Routers_DNS/with_skill/checker-run/labs/candidate
Network scenario name: candidate
Undeploying network scenario in case it was running...
Deploying network scenario...
Waiting convergence...
Starting tests
Verifying lab structure using inline lab.conf template
Checking devices existence...
Check existence of `r1`: [92m OK[00m
Check existence of `r2`: [92m OK[00m
Check existence of `r3`: [92m OK[00m
Check existence of `client`: [92m OK[00m
Check existence of `dns`: [92m OK[00m
Check existence of `web`: [92m OK[00m
Check existence of `pc1`: [92m OK[00m
Check existence of `pc2`: [92m OK[00m
Checking collision domains...
Checking the collision domain attached to interface `eth0` of `r1`: [92m OK[00m
Checking the collision domain attached to interface `eth1` of `r1`: [92m OK[00m
Checking the collision domain attached to interface `eth2` of `r1`: [92m OK[00m
Checking the collision domain attached to interface `eth0` of `r2`: [92m OK[00m
Checking the collision domain attached to interface `eth1` of `r2`: [92m OK[00m
Checking the collision domain attached to interface `eth2` of `r2`: [92m OK[00m
Checking the collision domain attached to interface `eth0` of `r3`: [92m OK[00m
Checking the collision domain attached to interface `eth1` of `r3`: [92m OK[00m
Checking the collision domain attached to interface `eth2` of `r3`: [92m OK[00m
Checking the collision domain attached to interface `eth0` of `client`: [92m OK[00m
Checking the collision domain attached to interface `eth0` of `dns`: [92m OK[00m
Checking the collision domain attached to interface `eth0` of `web`: [92m OK[00m
Checking the collision domain attached to interface `eth0` of `pc1`: [92m OK[00m
Checking the collision domain attached to interface `eth0` of `pc2`: [92m OK[00m
Checking that all required startup files exist...
Check existence of `r1.startup` file: [92m OK[00m
Check existence of `r2.startup` file: [92m OK[00m
Check existence of `r3.startup` file: [92m OK[00m
Check existence of `client.startup` file: [92m OK[00m
Check existence of `dns.startup` file: [92m OK[00m
Check existence of `web.startup` file: [92m OK[00m
Check existence of `pc1.startup` file: [92m OK[00m
Check existence of `pc2.startup` file: [92m OK[00m
Verifying the IP addresses assigned to devices...
Checking IPs for `r1`...
Verifying the IP address (10.0.12.1/30) assigned to eth0 of r1: [92m OK[00m
Verifying the IP address (10.0.13.1/30) assigned to eth1 of r1: [92m OK[00m
Verifying the IP address (192.168.10.1/24) assigned to eth2 of r1: [92m OK[00m
Checking IPs for `r2`...
Verifying the IP address (10.0.12.2/30) assigned to eth0 of r2: [92m OK[00m
Verifying the IP address (10.0.23.1/30) assigned to eth1 of r2: [92m OK[00m
Verifying the IP address (192.168.20.1/24) assigned to eth2 of r2: [92m OK[00m
Checking IPs for `r3`...
Verifying the IP address (10.0.13.2/30) assigned to eth0 of r3: [92m OK[00m
Verifying the IP address (10.0.23.2/30) assigned to eth1 of r3: [92m OK[00m
Verifying the IP address (192.168.30.1/24) assigned to eth2 of r3: [92m OK[00m
Checking IPs for `client`...
Verifying the IP address (192.168.10.10/24) assigned to eth0 of client: [92m OK[00m
Checking IPs for `dns`...
Verifying the IP address (192.168.10.53/24) assigned to eth0 of dns: [92m OK[00m
Checking IPs for `web`...
Verifying the IP address (192.168.20.80/24) assigned to eth0 of web: [92m OK[00m
Checking IPs for `pc1`...
Verifying the IP address (192.168.30.10/24) assigned to eth0 of pc1: [92m OK[00m
Checking IPs for `pc2`...
Verifying the IP address (192.168.30.11/24) assigned to eth0 of pc2: [92m OK[00m
Starting reachability test...
Verifying `company.test` reachable from device `client`: [92m OK[00m
Verifying `192.168.20.80` reachable from device `client`: [92m OK[00m
Checking running daemons...
Checking running daemons on `dns`...
Checking that named is running on device `dns`: [92m OK[00m
Checking running daemons on `web`...
Checking that apache2 is running on device `web`: [92m OK[00m
Checking Routing Tables...
Checking kernel routes for `r1`...
Checking the routing table of r1: [92m OK[00m
Checking kernel routes for `r2`...
Checking the routing table of r2: [92m OK[00m
Checking kernel routes for `r3`...
Checking the routing table of r3: [92m OK[00m
Checking kernel routes for `client`...
Checking the routing table of client: [92m OK[00m
Checking kernel routes for `dns`...
Checking the routing table of dns: [92m OK[00m
Checking kernel routes for `web`...
Checking the routing table of web: [92m OK[00m
Checking kernel routes for `pc1`...
Checking the routing table of pc1: [92m OK[00m
Checking kernel routes for `pc2`...
Checking the routing table of pc2: [92m OK[00m
Checking DNS authorities...
Checking authority ip for domain `company.test`
Checking on `dns` that `192.168.10.53` is the authority for domain `company.test`: [92m OK[00m
Checking local name servers configurations...
Checking that `192.168.10.53` is the local name server for device `client`: [92m OK[00m
Checking that `2001:db8:10::53` is the local name server for device `client`: [92m OK[00m
Checking DNS records...
Checking correctness of DNS records: [92m OK[00m
Checking correctness of DNS records: [92m OK[00m
Checking HTTP endpoints via cURL...
Performing HTTP checks on client...
HTTP check 'http://company.test/' on client status: [92m HTTP 200 == 200[00m
Checking custom commands output...
Checking the output of the command 'ip -6 addr show dev eth0' on 'r1': [91m The output of the command do not match the expected regex.
 Actual: 
 Regex: (?m)^\s*inet6 2001:db8:12::1/64\s+scope global[00m
Checking the output of the command 'ip -6 addr show dev eth1' on 'r1': [91m The output of the command do not match the expected regex.
 Actual: 
 Regex: (?m)^\s*inet6 2001:db8:13::1/64\s+scope global[00m
Checking the output of the command 'ip -6 addr show dev eth2' on 'r1': [91m The output of the command do not match the expected regex.
 Actual: 
 Regex: (?m)^\s*inet6 2001:db8:10::1/64\s+scope global[00m
Checking the output of the command 'ip -6 route show 2001:db8:20::/64' on 'r1': [91m The output of the command do not match the expected regex.
 Actual: 
 Regex: ^2001:db8:20::/64 via 2001:db8:12::2 dev eth0\b[00m
Checking the output of the command 'ip -6 route show 2001:db8:30::/64' on 'r1': [91m The output of the command do not match the expected regex.
 Actual: 
 Regex: ^2001:db8:30::/64 via 2001:db8:13::2 dev eth1\b[00m
Checking the output of the command 'ip -6 addr show dev eth0' on 'r2': [91m The output of the command do not match the expected regex.
 Actual: 
 Regex: (?m)^\s*inet6 2001:db8:12::2/64\s+scope global[00m
Checking the output of the command 'ip -6 addr show dev eth1' on 'r2': [91m The output of the command do not match the expected regex.
 Actual: 
 Regex: (?m)^\s*inet6 2001:db8:23::1/64\s+scope global[00m
Checking the output of the command 'ip -6 addr show dev eth2' on 'r2': [91m The output of the command do not match the expected regex.
 Actual: 
 Regex: (?m)^\s*inet6 2001:db8:20::1/64\s+scope global[00m
Checking the output of the command 'ip -6 route show 2001:db8:10::/64' on 'r2': [91m The output of the command do not match the expected regex.
 Actual: 
 Regex: ^2001:db8:10::/64 via 2001:db8:12::1 dev eth0\b[00m
Checking the output of the command 'ip -6 route show 2001:db8:30::/64' on 'r2': [91m The output of the command do not match the expected regex.
 Actual: 
 Regex: ^2001:db8:30::/64 via 2001:db8:23::2 dev eth1\b[00m
Checking the output of the command 'ip -6 addr show dev eth0' on 'r3': [91m The output of the command do not match the expected regex.
 Actual: 
 Regex: (?m)^\s*inet6 2001:db8:13::2/64\s+scope global[00m
Checking the output of the command 'ip -6 addr show dev eth1' on 'r3': [91m The output of the command do not match the expected regex.
 Actual: 
 Regex: (?m)^\s*inet6 2001:db8:23::2/64\s+scope global[00m
Checking the output of the command 'ip -6 addr show dev eth2' on 'r3': [91m The output of the command do not match the expected regex.
 Actual: 
 Regex: (?m)^\s*inet6 2001:db8:30::1/64\s+scope global[00m
Checking the output of the command 'ip -6 route show 2001:db8:10::/64' on 'r3': [91m The output of the command do not match the expected regex.
 Actual: 
 Regex: ^2001:db8:10::/64 via 2001:db8:13::1 dev eth0\b[00m
Checking the output of the command 'ip -6 route show 2001:db8:20::/64' on 'r3': [91m The output of the command do not match the expected regex.
 Actual: 
 Regex: ^2001:db8:20::/64 via 2001:db8:23::1 dev eth1\b[00m
Checking the output of the command 'ip -6 addr show dev eth0' on 'client': [91m The output of the command do not match the expected regex.
 Actual: 
 Regex: (?m)^\s*inet6 2001:db8:10::10/64\s+scope global[00m
Checking the output of the command 'ip -6 route show default' on 'client': [91m The output of the command do not match the expected regex.
 Actual: 
 Regex: ^default via 2001:db8:10::1 dev eth0\b[00m
Checking the exit code of the command 'curl -4 -fsS http://company.test/' on 'client': [92m OK[00m
Checking the exit code of the command 'curl -6 -fsS http://company.test/' on 'client': [91m The exit code of the command differs from the expected one.
 Actual: 7
 Expected: 0[00m
Checking the output of the command 'ip -6 addr show dev eth0' on 'dns': [91m The output of the command do not match the expected regex.
 Actual: 
 Regex: (?m)^\s*inet6 2001:db8:10::53/64\s+scope global[00m
Checking the output of the command 'ip -6 route show default' on 'dns': [91m The output of the command do not match the expected regex.
 Actual: 
 Regex: ^default via 2001:db8:10::1 dev eth0\b[00m
Checking the output of the command 'ip -6 addr show dev eth0' on 'web': [91m The output of the command do not match the expected regex.
 Actual: 
 Regex: (?m)^\s*inet6 2001:db8:20::80/64\s+scope global[00m
Checking the output of the command 'ip -6 route show default' on 'web': [91m The output of the command do not match the expected regex.
 Actual: 
 Regex: ^default via 2001:db8:20::1 dev eth0\b[00m
Checking the output of the command 'ip -6 addr show dev eth0' on 'pc1': [91m The output of the command do not match the expected regex.
 Actual: 
 Regex: (?m)^\s*inet6 2001:db8:30::10/64\s+scope global[00m
Checking the output of the command 'ip -6 route show default' on 'pc1': [91m The output of the command do not match the expected regex.
 Actual: 
 Regex: ^default via 2001:db8:30::1 dev eth0\b[00m
Checking the output of the command 'ip -6 addr show dev eth0' on 'pc2': [91m The output of the command do not match the expected regex.
 Actual: 
 Regex: (?m)^\s*inet6 2001:db8:30::11/64\s+scope global[00m
Checking the output of the command 'ip -6 route show default' on 'pc2': [91m The output of the command do not match the expected regex.
 Actual: 
 Regex: ^default via 2001:db8:30::1 dev eth0\b[00m
Undeploying Network Scenario
Total Tests: 89
Passed Tests: 63/89
Writing test report for candidate in: /Users/matthew/Desktop/A-Tesi/results/Dual-Stack_Partial_Mesh_Three_Routers_DNS/with_skill/checker-run/labs/candidate as CSV report...

100%|██████████| 1/1 [00:22<00:00, 22.56s/it]
100%|██████████| 1/1 [00:22<00:00, 22.56s/it]
Writing All Test Results into: /Users/matthew/Desktop/A-Tesi/results/Dual-Stack_Partial_Mesh_Three_Routers_DNS/with_skill/checker-run/labs as CSV report...
