Parsing test configuration...
Parsing inline network scenarios template
Parsing network scenarios in: /Users/matthew/Desktop/A-Tesi/results/Dual-Stack_Partial_Mesh_DNS_and_Web_Six_Routers/with_skill/checker-run/labs

  0%|          | 0/1 [00:00<?, ?it/s]##################### candidate #####################
Parsing network scenario in: /Users/matthew/Desktop/A-Tesi/results/Dual-Stack_Partial_Mesh_DNS_and_Web_Six_Routers/with_skill/checker-run/labs/candidate
Network scenario name: candidate
Undeploying network scenario in case it was running...
Deploying network scenario...
Waiting convergence...
Starting tests
Verifying lab structure using inline lab.conf template
Checking devices existence...
Check existence of `r1`: [92m OK[00m
Check existence of `r2`: [92m OK[00m
Check existence of `r3`: [92m OK[00m
Check existence of `r4`: [92m OK[00m
Check existence of `r5`: [92m OK[00m
Check existence of `r6`: [92m OK[00m
Check existence of `client`: [92m OK[00m
Check existence of `localdns`: [92m OK[00m
Check existence of `rootdns`: [92m OK[00m
Check existence of `authdns`: [92m OK[00m
Check existence of `web`: [92m OK[00m
Check existence of `r2pc1`: [92m OK[00m
Check existence of `r2pc2`: [92m OK[00m
Check existence of `r5pc1`: [92m OK[00m
Check existence of `r5pc2`: [92m OK[00m
Check existence of `r6pc1`: [92m OK[00m
Check existence of `r6pc2`: [92m OK[00m
Checking collision domains...
Checking the collision domain attached to interface `eth0` of `r1`: [92m OK[00m
Checking the collision domain attached to interface `eth1` of `r1`: [92m OK[00m
Checking the collision domain attached to interface `eth2` of `r1`: [92m OK[00m
Checking the collision domain attached to interface `eth0` of `r2`: [92m OK[00m
Checking the collision domain attached to interface `eth1` of `r2`: [92m OK[00m
Checking the collision domain attached to interface `eth2` of `r2`: [92m OK[00m
Checking the collision domain attached to interface `eth0` of `r3`: [92m OK[00m
Checking the collision domain attached to interface `eth1` of `r3`: [92m OK[00m
Checking the collision domain attached to interface `eth2` of `r3`: [92m OK[00m
Checking the collision domain attached to interface `eth3` of `r3`: [92m OK[00m
Checking the collision domain attached to interface `eth0` of `r4`: [92m OK[00m
Checking the collision domain attached to interface `eth1` of `r4`: [92m OK[00m
Checking the collision domain attached to interface `eth2` of `r4`: [92m OK[00m
Checking the collision domain attached to interface `eth3` of `r4`: [92m OK[00m
Checking the collision domain attached to interface `eth0` of `r5`: [92m OK[00m
Checking the collision domain attached to interface `eth1` of `r5`: [92m OK[00m
Checking the collision domain attached to interface `eth2` of `r5`: [92m OK[00m
Checking the collision domain attached to interface `eth0` of `r6`: [92m OK[00m
Checking the collision domain attached to interface `eth1` of `r6`: [92m OK[00m
Checking the collision domain attached to interface `eth2` of `r6`: [92m OK[00m
Checking the collision domain attached to interface `eth0` of `client`: [92m OK[00m
Checking the collision domain attached to interface `eth0` of `localdns`: [92m OK[00m
Checking the collision domain attached to interface `eth0` of `rootdns`: [92m OK[00m
Checking the collision domain attached to interface `eth0` of `authdns`: [92m OK[00m
Checking the collision domain attached to interface `eth0` of `web`: [92m OK[00m
Checking the collision domain attached to interface `eth0` of `r2pc1`: [92m OK[00m
Checking the collision domain attached to interface `eth0` of `r2pc2`: [92m OK[00m
Checking the collision domain attached to interface `eth0` of `r5pc1`: [92m OK[00m
Checking the collision domain attached to interface `eth0` of `r5pc2`: [92m OK[00m
Checking the collision domain attached to interface `eth0` of `r6pc1`: [92m OK[00m
Checking the collision domain attached to interface `eth0` of `r6pc2`: [92m OK[00m
Checking that all required startup files exist...
Check existence of `r1.startup` file: [92m OK[00m
Check existence of `r2.startup` file: [92m OK[00m
Check existence of `r3.startup` file: [92m OK[00m
Check existence of `r4.startup` file: [92m OK[00m
Check existence of `r5.startup` file: [92m OK[00m
Check existence of `r6.startup` file: [92m OK[00m
Check existence of `client.startup` file: [92m OK[00m
Check existence of `localdns.startup` file: [92m OK[00m
Check existence of `rootdns.startup` file: [92m OK[00m
Check existence of `authdns.startup` file: [92m OK[00m
Check existence of `web.startup` file: [92m OK[00m
Check existence of `r2pc1.startup` file: [92m OK[00m
Check existence of `r2pc2.startup` file: [92m OK[00m
Check existence of `r5pc1.startup` file: [92m OK[00m
Check existence of `r5pc2.startup` file: [92m OK[00m
Check existence of `r6pc1.startup` file: [92m OK[00m
Check existence of `r6pc2.startup` file: [92m OK[00m
Verifying the IP addresses assigned to devices...
Checking IPs for `r1`...
Verifying the IP address (10.0.12.1/30) assigned to eth0 of r1: [92m OK[00m
Verifying the IP address (10.0.13.1/30) assigned to eth1 of r1: [92m OK[00m
Verifying the IP address (192.168.1.1/24) assigned to eth2 of r1: [92m OK[00m
Checking IPs for `r2`...
Verifying the IP address (10.0.12.2/30) assigned to eth0 of r2: [92m OK[00m
Verifying the IP address (10.0.24.1/30) assigned to eth1 of r2: [92m OK[00m
Verifying the IP address (192.168.2.1/24) assigned to eth2 of r2: [92m OK[00m
Checking IPs for `r3`...
Verifying the IP address (10.0.13.2/30) assigned to eth0 of r3: [92m OK[00m
Verifying the IP address (10.0.34.1/30) assigned to eth1 of r3: [92m OK[00m
Verifying the IP address (10.0.35.1/30) assigned to eth2 of r3: [92m OK[00m
Verifying the IP address (192.168.3.1/24) assigned to eth3 of r3: [92m OK[00m
Checking IPs for `r4`...
Verifying the IP address (10.0.24.2/30) assigned to eth0 of r4: [92m OK[00m
Verifying the IP address (10.0.34.2/30) assigned to eth1 of r4: [92m OK[00m
Verifying the IP address (10.0.46.1/30) assigned to eth2 of r4: [92m OK[00m
Verifying the IP address (192.168.4.1/24) assigned to eth3 of r4: [92m OK[00m
Checking IPs for `r5`...
Verifying the IP address (10.0.35.2/30) assigned to eth0 of r5: [92m OK[00m
Verifying the IP address (10.0.56.1/30) assigned to eth1 of r5: [92m OK[00m
Verifying the IP address (192.168.5.1/24) assigned to eth2 of r5: [92m OK[00m
Checking IPs for `r6`...
Verifying the IP address (10.0.46.2/30) assigned to eth0 of r6: [92m OK[00m
Verifying the IP address (10.0.56.2/30) assigned to eth1 of r6: [92m OK[00m
Verifying the IP address (192.168.6.1/24) assigned to eth2 of r6: [92m OK[00m
Checking IPs for `client`...
Verifying the IP address (192.168.1.10/24) assigned to eth0 of client: [92m OK[00m
Checking IPs for `localdns`...
Verifying the IP address (192.168.1.53/24) assigned to eth0 of localdns: [92m OK[00m
Checking IPs for `rootdns`...
Verifying the IP address (192.168.3.53/24) assigned to eth0 of rootdns: [92m OK[00m
Checking IPs for `authdns`...
Verifying the IP address (192.168.4.53/24) assigned to eth0 of authdns: [92m OK[00m
Checking IPs for `web`...
Verifying the IP address (192.168.4.80/24) assigned to eth0 of web: [92m OK[00m
Checking IPs for `r2pc1`...
Verifying the IP address (192.168.2.10/24) assigned to eth0 of r2pc1: [92m OK[00m
Checking IPs for `r2pc2`...
Verifying the IP address (192.168.2.11/24) assigned to eth0 of r2pc2: [92m OK[00m
Checking IPs for `r5pc1`...
Verifying the IP address (192.168.5.10/24) assigned to eth0 of r5pc1: [92m OK[00m
Checking IPs for `r5pc2`...
Verifying the IP address (192.168.5.11/24) assigned to eth0 of r5pc2: [92m OK[00m
Checking IPs for `r6pc1`...
Verifying the IP address (192.168.6.10/24) assigned to eth0 of r6pc1: [92m OK[00m
Checking IPs for `r6pc2`...
Verifying the IP address (192.168.6.11/24) assigned to eth0 of r6pc2: [92m OK[00m
Checking Routing Tables...
Checking kernel routes for `r1`...
Checking the routing table of r1: [92m OK[00m
Checking kernel routes for `r2`...
Checking the routing table of r2: [92m OK[00m
Checking kernel routes for `r3`...
Checking the routing table of r3: [92m OK[00m
Checking kernel routes for `r4`...
Checking the routing table of r4: [92m OK[00m
Checking kernel routes for `r5`...
Checking the routing table of r5: [92m OK[00m
Checking kernel routes for `r6`...
Checking the routing table of r6: [92m OK[00m
Checking kernel routes for `client`...
Checking the routing table of client: [92m OK[00m
Checking kernel routes for `localdns`...
Checking the routing table of localdns: [92m OK[00m
Checking kernel routes for `rootdns`...
Checking the routing table of rootdns: [92m OK[00m
Checking kernel routes for `authdns`...
Checking the routing table of authdns: [92m OK[00m
Checking kernel routes for `web`...
Checking the routing table of web: [92m OK[00m
Checking kernel routes for `r2pc1`...
Checking the routing table of r2pc1: [92m OK[00m
Checking kernel routes for `r2pc2`...
Checking the routing table of r2pc2: [92m OK[00m
Checking kernel routes for `r5pc1`...
Checking the routing table of r5pc1: [92m OK[00m
Checking kernel routes for `r5pc2`...
Checking the routing table of r5pc2: [92m OK[00m
Checking kernel routes for `r6pc1`...
Checking the routing table of r6pc1: [92m OK[00m
Checking kernel routes for `r6pc2`...
Checking the routing table of r6pc2: [92m OK[00m
Checking DNS authorities...
Checking authority ip for domain `.`
Checking on `rootdns` that `192.168.3.53` is the authority for domain `.`: [92m OK[00m
Checking if all the named servers can correctly resolve 192.168.3.53 as the root nameserver...
Checking on `rootdns` that `192.168.3.53` is the authority for domain `.`: [92m OK[00m
Checking on `localdns` that `192.168.3.53` is the authority for domain `.`: [92m OK[00m
Checking authority ip for domain `example.net`
Checking on `authdns` that `192.168.4.53` is the authority for domain `example.net`: [92m OK[00m
Checking local name servers configurations...
Checking that `192.168.1.53` is the local name server for device `client`: [92m OK[00m
Checking DNS records...
Checking correctness of DNS records: [91m client resolve A example.net with IP  instead of ['192.168.4.80'][00m
Checking correctness of DNS records: [91m client resolve AAAA example.net with IP  instead of ['fd00:4::80'][00m
Checking HTTP endpoints via cURL...
Performing HTTP checks on client...
HTTP check 'http://example.net/' on client status: [91m Expected HTTP 200, got 0[00m
Checking custom commands output...
Checking the exit code of the command 'sh -c 'ip -6 addr show dev eth0 | grep -Fq fd00:12::1/64 && ip -6 addr show dev eth1 | grep -Fq fd00:13::1/64 && ip -6 addr show dev eth2 | grep -Fq fd00:1::1/64 && ip -6 route show fd00:2::/64 | grep -Fq "via fd00:12::2" && ip -6 route show fd00:3::/64 | grep -Fq "via fd00:13::2" && ip -6 route show fd00:4::/64 | grep -Fq "via fd00:12::2" && ip -6 route show fd00:5::/64 | grep -Fq "via fd00:13::2" && ip -6 route show fd00:6::/64 | grep -Fq "via fd00:12::2"'' on 'r1': [91m The exit code of the command differs from the expected one.
 Actual: 1
 Expected: 0[00m
Checking the exit code of the command 'sh -c 'ip -6 addr show dev eth0 | grep -Fq fd00:12::2/64 && ip -6 addr show dev eth1 | grep -Fq fd00:24::1/64 && ip -6 addr show dev eth2 | grep -Fq fd00:2::1/64 && ip -6 route show fd00:1::/64 | grep -Fq "via fd00:12::1" && ip -6 route show fd00:3::/64 | grep -Fq "via fd00:12::1" && ip -6 route show fd00:4::/64 | grep -Fq "via fd00:24::2" && ip -6 route show fd00:5::/64 | grep -Fq "via fd00:12::1" && ip -6 route show fd00:6::/64 | grep -Fq "via fd00:24::2"'' on 'r2': [91m The exit code of the command differs from the expected one.
 Actual: 1
 Expected: 0[00m
Checking the exit code of the command 'sh -c 'ip -6 addr show dev eth0 | grep -Fq fd00:13::2/64 && ip -6 addr show dev eth1 | grep -Fq fd00:34::1/64 && ip -6 addr show dev eth2 | grep -Fq fd00:35::1/64 && ip -6 addr show dev eth3 | grep -Fq fd00:3::1/64 && ip -6 route show fd00:1::/64 | grep -Fq "via fd00:13::1" && ip -6 route show fd00:2::/64 | grep -Fq "via fd00:13::1" && ip -6 route show fd00:4::/64 | grep -Fq "via fd00:34::2" && ip -6 route show fd00:5::/64 | grep -Fq "via fd00:35::2" && ip -6 route show fd00:6::/64 | grep -Fq "via fd00:34::2"'' on 'r3': [91m The exit code of the command differs from the expected one.
 Actual: 1
 Expected: 0[00m
Checking the exit code of the command 'sh -c 'ip -6 addr show dev eth0 | grep -Fq fd00:24::2/64 && ip -6 addr show dev eth1 | grep -Fq fd00:34::2/64 && ip -6 addr show dev eth2 | grep -Fq fd00:46::1/64 && ip -6 addr show dev eth3 | grep -Fq fd00:4::1/64 && ip -6 route show fd00:1::/64 | grep -Fq "via fd00:24::1" && ip -6 route show fd00:2::/64 | grep -Fq "via fd00:24::1" && ip -6 route show fd00:3::/64 | grep -Fq "via fd00:34::1" && ip -6 route show fd00:5::/64 | grep -Fq "via fd00:34::1" && ip -6 route show fd00:6::/64 | grep -Fq "via fd00:46::2"'' on 'r4': [91m The exit code of the command differs from the expected one.
 Actual: 1
 Expected: 0[00m
Checking the exit code of the command 'sh -c 'ip -6 addr show dev eth0 | grep -Fq fd00:35::2/64 && ip -6 addr show dev eth1 | grep -Fq fd00:56::1/64 && ip -6 addr show dev eth2 | grep -Fq fd00:5::1/64 && ip -6 route show fd00:1::/64 | grep -Fq "via fd00:35::1" && ip -6 route show fd00:2::/64 | grep -Fq "via fd00:35::1" && ip -6 route show fd00:3::/64 | grep -Fq "via fd00:35::1" && ip -6 route show fd00:4::/64 | grep -Fq "via fd00:35::1" && ip -6 route show fd00:6::/64 | grep -Fq "via fd00:56::2"'' on 'r5': [91m The exit code of the command differs from the expected one.
 Actual: 1
 Expected: 0[00m
Checking the exit code of the command 'sh -c 'ip -6 addr show dev eth0 | grep -Fq fd00:46::2/64 && ip -6 addr show dev eth1 | grep -Fq fd00:56::2/64 && ip -6 addr show dev eth2 | grep -Fq fd00:6::1/64 && ip -6 route show fd00:1::/64 | grep -Fq "via fd00:46::1" && ip -6 route show fd00:2::/64 | grep -Fq "via fd00:46::1" && ip -6 route show fd00:3::/64 | grep -Fq "via fd00:46::1" && ip -6 route show fd00:4::/64 | grep -Fq "via fd00:46::1" && ip -6 route show fd00:5::/64 | grep -Fq "via fd00:56::1"'' on 'r6': [91m The exit code of the command differs from the expected one.
 Actual: 1
 Expected: 0[00m
Checking the exit code of the command 'sh -c 'ip -6 addr show dev eth0 | grep -Fq fd00:1::10/64 && ip -6 route show default | grep -Fq "via fd00:1::1" && dig +short AAAA example.net | grep -Fxq fd00:4::80 && curl -4 -fsS http://example.net/ >/dev/null && curl -6 -fsS http://example.net/ >/dev/null'' on 'client': [91m The exit code of the command differs from the expected one.
 Actual: 1
 Expected: 0[00m
Checking the exit code of the command 'sh -c 'ip -6 addr show dev eth0 | grep -Fq fd00:1::53/64 && ip -6 route show default | grep -Fq "via fd00:1::1" && dig +short AAAA example.net @fd00:1::53 | grep -Fxq fd00:4::80'' on 'localdns': [91m The exit code of the command differs from the expected one.
 Actual: 1
 Expected: 0[00m
Checking the exit code of the command 'sh -c 'ip -6 addr show dev eth0 | grep -Fq fd00:3::53/64 && ip -6 route show default | grep -Fq "via fd00:3::1"'' on 'rootdns': [91m The exit code of the command differs from the expected one.
 Actual: 1
 Expected: 0[00m
Checking the exit code of the command 'sh -c 'ip -6 addr show dev eth0 | grep -Fq fd00:4::53/64 && ip -6 route show default | grep -Fq "via fd00:4::1"'' on 'authdns': [91m The exit code of the command differs from the expected one.
 Actual: 1
 Expected: 0[00m
Checking the exit code of the command 'sh -c 'ip -6 addr show dev eth0 | grep -Fq fd00:4::80/64 && ip -6 route show default | grep -Fq "via fd00:4::1"'' on 'web': [91m The exit code of the command differs from the expected one.
 Actual: 1
 Expected: 0[00m
Checking the exit code of the command 'sh -c 'ip -6 addr show dev eth0 | grep -Fq fd00:2::10/64 && ip -6 route show default | grep -Fq "via fd00:2::1"'' on 'r2pc1': [91m The exit code of the command differs from the expected one.
 Actual: 1
 Expected: 0[00m
Checking the exit code of the command 'sh -c 'ip -6 addr show dev eth0 | grep -Fq fd00:2::11/64 && ip -6 route show default | grep -Fq "via fd00:2::1"'' on 'r2pc2': [91m The exit code of the command differs from the expected one.
 Actual: 1
 Expected: 0[00m
Checking the exit code of the command 'sh -c 'ip -6 addr show dev eth0 | grep -Fq fd00:5::10/64 && ip -6 route show default | grep -Fq "via fd00:5::1"'' on 'r5pc1': [91m The exit code of the command differs from the expected one.
 Actual: 1
 Expected: 0[00m
Checking the exit code of the command 'sh -c 'ip -6 addr show dev eth0 | grep -Fq fd00:5::11/64 && ip -6 route show default | grep -Fq "via fd00:5::1"'' on 'r5pc2': [91m The exit code of the command differs from the expected one.
 Actual: 1
 Expected: 0[00m
Checking the exit code of the command 'sh -c 'ip -6 addr show dev eth0 | grep -Fq fd00:6::10/64 && ip -6 route show default | grep -Fq "via fd00:6::1"'' on 'r6pc1': [91m The exit code of the command differs from the expected one.
 Actual: 1
 Expected: 0[00m
Checking the exit code of the command 'sh -c 'ip -6 addr show dev eth0 | grep -Fq fd00:6::11/64 && ip -6 route show default | grep -Fq "via fd00:6::1"'' on 'r6pc2': [91m The exit code of the command differs from the expected one.
 Actual: 1
 Expected: 0[00m
Undeploying Network Scenario
Total Tests: 138
Passed Tests: 118/138
Writing test report for candidate in: /Users/matthew/Desktop/A-Tesi/results/Dual-Stack_Partial_Mesh_DNS_and_Web_Six_Routers/with_skill/checker-run/labs/candidate as CSV report...

100%|██████████| 1/1 [00:26<00:00, 26.40s/it]
100%|██████████| 1/1 [00:26<00:00, 26.40s/it]
Writing All Test Results into: /Users/matthew/Desktop/A-Tesi/results/Dual-Stack_Partial_Mesh_DNS_and_Web_Six_Routers/with_skill/checker-run/labs as CSV report...
