Parsing test configuration...
Parsing inline network scenarios template
Parsing network scenarios in: /Users/matthew/Desktop/A-Tesi/results/Client_Reaches_Web_Server_by_Name_IPv4_Simple_DNS/with_skill/checker-run/labs

  0%|          | 0/1 [00:00<?, ?it/s]##################### candidate #####################
Parsing network scenario in: /Users/matthew/Desktop/A-Tesi/results/Client_Reaches_Web_Server_by_Name_IPv4_Simple_DNS/with_skill/checker-run/labs/candidate
Network scenario name: candidate
Undeploying network scenario in case it was running...
Deploying network scenario...
Waiting convergence...
Starting tests
Verifying lab structure using inline lab.conf template
Checking devices existence...
Check existence of `client`: [92m OK[00m
Check existence of `dns`: [92m OK[00m
Check existence of `r1`: [92m OK[00m
Check existence of `r2`: [92m OK[00m
Check existence of `web`: [92m OK[00m
Checking collision domains...
Checking the collision domain attached to interface `eth0` of `client`: [92m OK[00m
Checking the collision domain attached to interface `eth0` of `dns`: [92m OK[00m
Checking the collision domain attached to interface `eth0` of `r1`: [92m OK[00m
Checking the collision domain attached to interface `eth1` of `r1`: [92m OK[00m
Checking the collision domain attached to interface `eth0` of `r2`: [92m OK[00m
Checking the collision domain attached to interface `eth1` of `r2`: [92m OK[00m
Checking the collision domain attached to interface `eth0` of `web`: [92m OK[00m
Checking that all required startup files exist...
Check existence of `client.startup` file: [92m OK[00m
Check existence of `dns.startup` file: [92m OK[00m
Check existence of `r1.startup` file: [92m OK[00m
Check existence of `r2.startup` file: [92m OK[00m
Check existence of `web.startup` file: [92m OK[00m
Verifying the IP addresses assigned to devices...
Checking IPs for `client`...
Verifying the IP address (192.168.10.10/24) assigned to eth0 of client: [92m OK[00m
Checking IPs for `dns`...
Verifying the IP address (192.168.10.53/24) assigned to eth0 of dns: [92m OK[00m
Checking IPs for `r1`...
Verifying the IP address (192.168.10.1/24) assigned to eth0 of r1: [92m OK[00m
Verifying the IP address (10.0.0.1/30) assigned to eth1 of r1: [92m OK[00m
Checking IPs for `r2`...
Verifying the IP address (10.0.0.2/30) assigned to eth0 of r2: [92m OK[00m
Verifying the IP address (192.168.20.1/24) assigned to eth1 of r2: [92m OK[00m
Checking IPs for `web`...
Verifying the IP address (192.168.20.10/24) assigned to eth0 of web: [92m OK[00m
Starting reachability test...
Verifying `192.168.10.53` reachable from device `client`: [92m OK[00m
Verifying `192.168.20.10` reachable from device `client`: [92m OK[00m
Verifying `service.local` reachable from device `client`: [92m OK[00m
Checking running daemons...
Checking running daemons on `dns`...
Checking that named is running on device `dns`: [92m OK[00m
Checking running daemons on `web`...
Checking that apache2 is running on device `web`: [92m OK[00m
Checking Routing Tables...
Checking kernel routes for `client`...
Checking the routing table of client: [92m OK[00m
Checking kernel routes for `dns`...
Checking the routing table of dns: [92m OK[00m
Checking kernel routes for `r1`...
Checking the routing table of r1: [92m OK[00m
Checking kernel routes for `r2`...
Checking the routing table of r2: [92m OK[00m
Checking kernel routes for `web`...
Checking the routing table of web: [92m OK[00m
Checking DNS authorities...
Checking authority ip for domain `service.local`
Checking on `dns` that `192.168.10.53` is the authority for domain `service.local`: [92m OK[00m
Checking local name servers configurations...
Checking that `192.168.10.53` is the local name server for device `client`: [92m OK[00m
Checking DNS records...
Checking correctness of DNS records: [92m OK[00m
Checking HTTP endpoints via cURL...
Performing HTTP checks on client...
HTTP check 'http://service.local/' on client status: [92m HTTP 200 == 200[00m
Undeploying Network Scenario
Total Tests: 38
Passed Tests: 38/38
Writing test report for candidate in: /Users/matthew/Desktop/A-Tesi/results/Client_Reaches_Web_Server_by_Name_IPv4_Simple_DNS/with_skill/checker-run/labs/candidate as CSV report...

100%|██████████| 1/1 [00:19<00:00, 19.90s/it]
100%|██████████| 1/1 [00:19<00:00, 19.90s/it]
Writing All Test Results into: /Users/matthew/Desktop/A-Tesi/results/Client_Reaches_Web_Server_by_Name_IPv4_Simple_DNS/with_skill/checker-run/labs as CSV report...
