Parsing test configuration...
Parsing inline network scenarios template
Parsing network scenarios in: /Users/matthew/Desktop/A-Tesi/results/Authoritative_DNS_for_Multiple_Domains_IPv4/with_skill/checker-run/labs

  0%|          | 0/1 [00:00<?, ?it/s]##################### candidate #####################
Parsing network scenario in: /Users/matthew/Desktop/A-Tesi/results/Authoritative_DNS_for_Multiple_Domains_IPv4/with_skill/checker-run/labs/candidate
Network scenario name: candidate
Undeploying network scenario in case it was running...
Deploying network scenario...
Waiting convergence...
Starting tests
Verifying lab structure using inline lab.conf template
Checking devices existence...
Check existence of `r1`: [92m OK[00m
Check existence of `r2`: [92m OK[00m
Check existence of `r3`: [92m OK[00m
Check existence of `r4`: [92m OK[00m
Check existence of `client1`: [92m OK[00m
Check existence of `client2`: [92m OK[00m
Check existence of `localdns`: [92m OK[00m
Check existence of `unidns`: [92m OK[00m
Check existence of `uniweb`: [92m OK[00m
Check existence of `companydns`: [92m OK[00m
Check existence of `companyweb`: [92m OK[00m
Checking collision domains...
Checking the collision domain attached to interface `eth0` of `r1`: [92m OK[00m
Checking the collision domain attached to interface `eth1` of `r1`: [92m OK[00m
Checking the collision domain attached to interface `eth0` of `r2`: [92m OK[00m
Checking the collision domain attached to interface `eth1` of `r2`: [92m OK[00m
Checking the collision domain attached to interface `eth2` of `r2`: [92m OK[00m
Checking the collision domain attached to interface `eth0` of `r3`: [92m OK[00m
Checking the collision domain attached to interface `eth1` of `r3`: [92m OK[00m
Checking the collision domain attached to interface `eth2` of `r3`: [92m OK[00m
Checking the collision domain attached to interface `eth0` of `r4`: [92m OK[00m
Checking the collision domain attached to interface `eth0` of `client1`: [92m OK[00m
Checking the collision domain attached to interface `eth0` of `client2`: [92m OK[00m
Checking the collision domain attached to interface `eth0` of `localdns`: [92m OK[00m
Checking the collision domain attached to interface `eth0` of `unidns`: [92m OK[00m
Checking the collision domain attached to interface `eth0` of `uniweb`: [92m OK[00m
Checking the collision domain attached to interface `eth0` of `companydns`: [92m OK[00m
Checking the collision domain attached to interface `eth0` of `companyweb`: [92m OK[00m
Checking that all required startup files exist...
Check existence of `r1.startup` file: [92m OK[00m
Check existence of `r2.startup` file: [92m OK[00m
Check existence of `r3.startup` file: [92m OK[00m
Check existence of `r4.startup` file: [92m OK[00m
Check existence of `client1.startup` file: [92m OK[00m
Check existence of `client2.startup` file: [92m OK[00m
Check existence of `localdns.startup` file: [92m OK[00m
Check existence of `unidns.startup` file: [92m OK[00m
Check existence of `uniweb.startup` file: [92m OK[00m
Check existence of `companydns.startup` file: [92m OK[00m
Check existence of `companyweb.startup` file: [92m OK[00m
Verifying the IP addresses assigned to devices...
Checking IPs for `r1`...
Verifying the IP address (10.0.12.1/30) assigned to eth0 of r1: [92m OK[00m
Verifying the IP address (192.168.10.1/24) assigned to eth1 of r1: [92m OK[00m
Checking IPs for `r2`...
Verifying the IP address (10.0.12.2/30) assigned to eth0 of r2: [92m OK[00m
Verifying the IP address (10.0.23.1/30) assigned to eth1 of r2: [92m OK[00m
Verifying the IP address (192.168.20.1/24) assigned to eth2 of r2: [92m OK[00m
Checking IPs for `r3`...
Verifying the IP address (10.0.23.2/30) assigned to eth0 of r3: [92m OK[00m
Verifying the IP address (10.0.34.1/30) assigned to eth1 of r3: [92m OK[00m
Verifying the IP address (192.168.30.1/24) assigned to eth2 of r3: [92m OK[00m
Checking IPs for `r4`...
Verifying the IP address (10.0.34.2/30) assigned to eth0 of r4: [92m OK[00m
Checking IPs for `client1`...
Verifying the IP address (192.168.10.101/24) assigned to eth0 of client1: [92m OK[00m
Checking IPs for `client2`...
Verifying the IP address (192.168.10.102/24) assigned to eth0 of client2: [92m OK[00m
Checking IPs for `localdns`...
Verifying the IP address (192.168.10.53/24) assigned to eth0 of localdns: [92m OK[00m
Checking IPs for `unidns`...
Verifying the IP address (192.168.20.53/24) assigned to eth0 of unidns: [92m OK[00m
Checking IPs for `uniweb`...
Verifying the IP address (192.168.20.80/24) assigned to eth0 of uniweb: [92m OK[00m
Checking IPs for `companydns`...
Verifying the IP address (192.168.30.53/24) assigned to eth0 of companydns: [92m OK[00m
Checking IPs for `companyweb`...
Verifying the IP address (192.168.30.80/24) assigned to eth0 of companyweb: [92m OK[00m
Starting reachability test...
Verifying `www.university.edu` reachable from device `client1`: [92m OK[00m
Verifying `www.company.test` reachable from device `client1`: [92m OK[00m
Verifying `www.university.edu` reachable from device `client2`: [92m OK[00m
Verifying `www.company.test` reachable from device `client2`: [92m OK[00m
Checking running daemons...
Checking running daemons on `localdns`...
Checking that named is running on device `localdns`: [92m OK[00m
Checking running daemons on `unidns`...
Checking that named is running on device `unidns`: [92m OK[00m
Checking running daemons on `companydns`...
Checking that named is running on device `companydns`: [92m OK[00m
Checking running daemons on `uniweb`...
Checking that apache2 is running on device `uniweb`: [92m OK[00m
Checking running daemons on `companyweb`...
Checking that apache2 is running on device `companyweb`: [92m OK[00m
Checking Routing Tables...
Checking kernel routes for `r1`...
Checking the routing table of r1: [92m OK[00m
Checking kernel routes for `r2`...
Checking the routing table of r2: [92m OK[00m
Checking kernel routes for `r3`...
Checking the routing table of r3: [92m OK[00m
Checking kernel routes for `r4`...
Checking the routing table of r4: [92m OK[00m
Checking kernel routes for `client1`...
Checking the routing table of client1: [92m OK[00m
Checking kernel routes for `client2`...
Checking the routing table of client2: [92m OK[00m
Checking kernel routes for `localdns`...
Checking the routing table of localdns: [92m OK[00m
Checking kernel routes for `unidns`...
Checking the routing table of unidns: [92m OK[00m
Checking kernel routes for `uniweb`...
Checking the routing table of uniweb: [92m OK[00m
Checking kernel routes for `companydns`...
Checking the routing table of companydns: [92m OK[00m
Checking kernel routes for `companyweb`...
Checking the routing table of companyweb: [92m OK[00m
Checking DNS authorities...
Checking authority ip for domain `university.edu`
Checking on `unidns` that `192.168.20.53` is the authority for domain `university.edu`: [92m OK[00m
Checking authority ip for domain `company.test`
Checking on `companydns` that `192.168.30.53` is the authority for domain `company.test`: [92m OK[00m
Checking local name servers configurations...
Checking that `192.168.10.53` is the local name server for device `client1`: [92m OK[00m
Checking that `192.168.10.53` is the local name server for device `client2`: [92m OK[00m
Checking DNS records...
Checking correctness of DNS records: [92m OK[00m
Checking correctness of DNS records: [92m OK[00m
Checking correctness of DNS records: [92m OK[00m
Checking correctness of DNS records: [92m OK[00m
Checking HTTP endpoints via cURL...
Performing HTTP checks on client1...
HTTP check 'http://www.university.edu/' on client1 status: [92m HTTP 200 == 200[00m
HTTP check 'http://www.company.test/' on client1 status: [92m HTTP 200 == 200[00m
Performing HTTP checks on client2...
HTTP check 'http://www.university.edu/' on client2 status: [92m HTTP 200 == 200[00m
HTTP check 'http://www.company.test/' on client2 status: [92m HTTP 200 == 200[00m
Undeploying Network Scenario
Total Tests: 86
Passed Tests: 86/86
Writing test report for candidate in: /Users/matthew/Desktop/A-Tesi/results/Authoritative_DNS_for_Multiple_Domains_IPv4/with_skill/checker-run/labs/candidate as CSV report...

100%|██████████| 1/1 [00:22<00:00, 22.40s/it]
100%|██████████| 1/1 [00:22<00:00, 22.41s/it]
Writing All Test Results into: /Users/matthew/Desktop/A-Tesi/results/Authoritative_DNS_for_Multiple_Domains_IPv4/with_skill/checker-run/labs as CSV report...
